(program
  { no-src-span }
  1.1.0
  (let
    { no-src-span }
    (nonrec)
    (termbind
      { no-src-span }
      (strict)
      (vardecl
        { no-src-span }
        addInteger-505
        (fun
          { no-src-span }
          (con { no-src-span } integer)
          (fun
            { no-src-span }
            (con { no-src-span } integer)
            (con { no-src-span } integer)
          )
        )
      )
      (builtin { no-src-span } addInteger)
    )
    (termbind
      { no-src-span }
      (nonstrict)
      (vardecl
        { no-src-span }
        addInteger-510
        (fun
          { no-src-span }
          (con { no-src-span } integer)
          (fun
            { no-src-span }
            (con { no-src-span } integer)
            (con { no-src-span } integer)
          )
        )
      )
      (lam
        { no-src-span }
        x-506
        (con { no-src-span } integer)
        (let
          { no-src-span }
          (nonrec)
          (termbind
            { no-src-span }
            (strict)
            (vardecl { no-src-span } x-508 (con { no-src-span } integer))
            { no-src-span } x-506
          )
          (lam
            { no-src-span }
            y-507
            (con { no-src-span } integer)
            (let
              { no-src-span }
              (nonrec)
              (termbind
                { no-src-span }
                (strict)
                (vardecl { no-src-span } y-509 (con { no-src-span } integer))
                { no-src-span } y-507
              )
              [
                { no-src-span }
                [
                  { no-src-span }
                  { no-src-span } addInteger-505
                  { no-src-span } x-508
                ]
                { no-src-span } y-509
              ]
            )
          )
        )
      )
    )
    (datatypebind
      { no-src-span }
      (datatype
        { no-src-span }
        (tyvardecl { no-src-span } Bool-495 ({ no-src-span } type))

        Bool_match-498
        (vardecl { no-src-span } True-496 { no-src-span } Bool-495)
        (vardecl { no-src-span } False-497 { no-src-span } Bool-495)
      )
    )
    (termbind
      { no-src-span }
      (strict)
      (vardecl
        { no-src-span }
        equalsInteger-494
        (fun
          { no-src-span }
          (con { no-src-span } integer)
          (fun
            { no-src-span }
            (con { no-src-span } integer)
            (con { no-src-span } bool)
          )
        )
      )
      (builtin { no-src-span } equalsInteger)
    )
    (termbind
      { no-src-span }
      (strict)
      (vardecl
        { no-src-span }
        ifThenElse-492
        (all
          { no-src-span }
          a-493
          ({ no-src-span } type)
          (fun
            { no-src-span }
            (con { no-src-span } bool)
            (fun
              { no-src-span }
              { no-src-span } a-493
              (fun { no-src-span } { no-src-span } a-493 { no-src-span } a-493)
            )
          )
        )
      )
      (builtin { no-src-span } ifThenElse)
    )
    (termbind
      { no-src-span }
      (nonstrict)
      (vardecl
        { no-src-span }
        equalsInteger-504
        (fun
          { no-src-span }
          (con { no-src-span } integer)
          (fun
            { no-src-span }
            (con { no-src-span } integer)
            { no-src-span } Bool-495
          )
        )
      )
      (lam
        { no-src-span }
        x-499
        (con { no-src-span } integer)
        (let
          { no-src-span }
          (nonrec)
          (termbind
            { no-src-span }
            (strict)
            (vardecl { no-src-span } x-501 (con { no-src-span } integer))
            { no-src-span } x-499
          )
          (lam
            { no-src-span }
            y-500
            (con { no-src-span } integer)
            (let
              { no-src-span }
              (nonrec)
              (termbind
                { no-src-span }
                (strict)
                (vardecl { no-src-span } y-502 (con { no-src-span } integer))
                { no-src-span } y-500
              )
              (termbind
                { no-src-span }
                (strict)
                (vardecl { no-src-span } b-503 (con { no-src-span } bool))
                [
                  { no-src-span }
                  [
                    { no-src-span }
                    { no-src-span } equalsInteger-494
                    { no-src-span } x-501
                  ]
                  { no-src-span } y-502
                ]
              )
              [
                { no-src-span }
                [
                  { no-src-span }
                  [
                    { no-src-span }
                    {
                      { no-src-span }
                      { no-src-span } ifThenElse-492
                      { no-src-span } Bool-495
                    }
                    { no-src-span } b-503
                  ]
                  { no-src-span } True-496
                ]
                { no-src-span } False-497
              ]
            )
          )
        )
      )
    )
    (termbind
      { no-src-span }
      (strict)
      (vardecl
        { no-src-span }
        subtractInteger-486
        (fun
          { no-src-span }
          (con { no-src-span } integer)
          (fun
            { no-src-span }
            (con { no-src-span } integer)
            (con { no-src-span } integer)
          )
        )
      )
      (builtin { no-src-span } subtractInteger)
    )
    (termbind
      { no-src-span }
      (nonstrict)
      (vardecl
        { no-src-span }
        subtractInteger-491
        (fun
          { no-src-span }
          (con { no-src-span } integer)
          (fun
            { no-src-span }
            (con { no-src-span } integer)
            (con { no-src-span } integer)
          )
        )
      )
      (lam
        { no-src-span }
        x-487
        (con { no-src-span } integer)
        (let
          { no-src-span }
          (nonrec)
          (termbind
            { no-src-span }
            (strict)
            (vardecl { no-src-span } x-489 (con { no-src-span } integer))
            { no-src-span } x-487
          )
          (lam
            { no-src-span }
            y-488
            (con { no-src-span } integer)
            (let
              { no-src-span }
              (nonrec)
              (termbind
                { no-src-span }
                (strict)
                (vardecl { no-src-span } y-490 (con { no-src-span } integer))
                { no-src-span } y-488
              )
              [
                { no-src-span }
                [
                  { no-src-span }
                  { no-src-span } subtractInteger-486
                  { no-src-span } x-489
                ]
                { no-src-span } y-490
              ]
            )
          )
        )
      )
    )
    (let
      { no-src-span }
      (rec)
      (termbind
        { no-src-span }
        (nonstrict)
        (vardecl
          { no-src-span }
          fib-511
          (fun
            { no-src-span }
            (con { no-src-span } integer)
            (con { no-src-span } integer)
          )
        )
        (lam
          { no-src-span }
          n-512
          (con { no-src-span } integer)
          (let
            { test/Plugin/Debug/Spec.hs:46:15-55:72 }
            (nonrec)
            (termbind
              { test/Plugin/Debug/Spec.hs:46:15-55:72 }
              (strict)
              (vardecl
                { test/Plugin/Debug/Spec.hs:46:15-55:72 }
                n-513
                (con { test/Plugin/Debug/Spec.hs:46:15-55:72 } integer)
              )
              { test/Plugin/Debug/Spec.hs:46:15-55:72 } n-512
            )
            {
              { test/Plugin/Debug/Spec.hs:46:15-55:72, test/Plugin/Debug/Spec.hs:47:17-55:72 }
              [
                { test/Plugin/Debug/Spec.hs:46:15-55:72, test/Plugin/Debug/Spec.hs:47:17-55:72 }
                [
                  { test/Plugin/Debug/Spec.hs:46:15-55:72, test/Plugin/Debug/Spec.hs:47:17-55:72 }
                  {
                    { test/Plugin/Debug/Spec.hs:46:15-55:72, test/Plugin/Debug/Spec.hs:47:17-55:72 }
                    [
                      { test/Plugin/Debug/Spec.hs:46:15-55:72, test/Plugin/Debug/Spec.hs:47:17-55:72 }
                      { test/Plugin/Debug/Spec.hs:46:15-55:72, test/Plugin/Debug/Spec.hs:47:17-55:72 }
                      Bool_match-498
                      [
                        { test/Plugin/Debug/Spec.hs:46:15-55:72, test/Plugin/Debug/Spec.hs:47:17-55:72 }
                        [
                          { test/Plugin/Debug/Spec.hs:46:15-55:72, test/Plugin/Debug/Spec.hs:47:17-55:72 }
                          { test/Plugin/Debug/Spec.hs:46:15-55:72, test/Plugin/Debug/Spec.hs:47:17-55:72 }
                          equalsInteger-504
                          { test/Plugin/Debug/Spec.hs:46:15-55:72, test/Plugin/Debug/Spec.hs:47:17-55:72, test/Plugin/Debug/Spec.hs:47:43-47:43 }
                          n-513
                        ]
                        (con
                          { test/Plugin/Debug/Spec.hs:46:15-55:72, test/Plugin/Debug/Spec.hs:47:17-55:72, test/Plugin/Debug/Spec.hs:47:45-47:45 }
                          integer
                          0
                        )
                      ]
                    ]
                    (all
                      { test/Plugin/Debug/Spec.hs:46:15-55:72, test/Plugin/Debug/Spec.hs:47:17-55:72 }
                      dead-514
                      ({ test/Plugin/Debug/Spec.hs:46:15-55:72, test/Plugin/Debug/Spec.hs:47:17-55:72 }
                      type)
                      (con
                        { test/Plugin/Debug/Spec.hs:46:15-55:72, test/Plugin/Debug/Spec.hs:47:17-55:72 }
                        integer
                      )
                    )
                  }
                  (abs
                    { test/Plugin/Debug/Spec.hs:46:15-55:72, test/Plugin/Debug/Spec.hs:47:17-55:72 }
                    dead-515
                    ({ test/Plugin/Debug/Spec.hs:46:15-55:72, test/Plugin/Debug/Spec.hs:47:17-55:72 }
                    type)
                    (con
                      { test/Plugin/Debug/Spec.hs:46:15-55:72, test/Plugin/Debug/Spec.hs:47:17-55:72, test/Plugin/Debug/Spec.hs:48:26-48:26 }
                      integer
                      0
                    )
                  )
                ]
                (abs
                  { test/Plugin/Debug/Spec.hs:46:15-55:72, test/Plugin/Debug/Spec.hs:47:17-55:72 }
                  dead-516
                  ({ test/Plugin/Debug/Spec.hs:46:15-55:72, test/Plugin/Debug/Spec.hs:47:17-55:72 }
                  type)
                  {
                    { test/Plugin/Debug/Spec.hs:46:15-55:72, test/Plugin/Debug/Spec.hs:47:17-55:72, test/Plugin/Debug/Spec.hs:50:25-55:72 }
                    [
                      { test/Plugin/Debug/Spec.hs:46:15-55:72, test/Plugin/Debug/Spec.hs:47:17-55:72, test/Plugin/Debug/Spec.hs:50:25-55:72 }
                      [
                        { test/Plugin/Debug/Spec.hs:46:15-55:72, test/Plugin/Debug/Spec.hs:47:17-55:72, test/Plugin/Debug/Spec.hs:50:25-55:72 }
                        {
                          { test/Plugin/Debug/Spec.hs:46:15-55:72, test/Plugin/Debug/Spec.hs:47:17-55:72, test/Plugin/Debug/Spec.hs:50:25-55:72 }
                          [
                            { test/Plugin/Debug/Spec.hs:46:15-55:72, test/Plugin/Debug/Spec.hs:47:17-55:72, test/Plugin/Debug/Spec.hs:50:25-55:72 }
                            { test/Plugin/Debug/Spec.hs:46:15-55:72, test/Plugin/Debug/Spec.hs:47:17-55:72, test/Plugin/Debug/Spec.hs:50:25-55:72 }
                            Bool_match-498
                            [
                              { test/Plugin/Debug/Spec.hs:46:15-55:72, test/Plugin/Debug/Spec.hs:47:17-55:72, test/Plugin/Debug/Spec.hs:50:25-55:72 }
                              [
                                { test/Plugin/Debug/Spec.hs:46:15-55:72, test/Plugin/Debug/Spec.hs:47:17-55:72, test/Plugin/Debug/Spec.hs:50:25-55:72 }
                                { test/Plugin/Debug/Spec.hs:46:15-55:72, test/Plugin/Debug/Spec.hs:47:17-55:72, test/Plugin/Debug/Spec.hs:50:25-55:72 }
                                equalsInteger-504
                                { test/Plugin/Debug/Spec.hs:46:15-55:72, test/Plugin/Debug/Spec.hs:47:17-55:72, test/Plugin/Debug/Spec.hs:50:25-55:72, test/Plugin/Debug/Spec.hs:50:51-50:51 }
                                n-513
                              ]
                              (con
                                { test/Plugin/Debug/Spec.hs:46:15-55:72, test/Plugin/Debug/Spec.hs:47:17-55:72, test/Plugin/Debug/Spec.hs:50:25-55:72, test/Plugin/Debug/Spec.hs:50:53-50:53 }
                                integer
                                1
                              )
                            ]
                          ]
                          (all
                            { test/Plugin/Debug/Spec.hs:46:15-55:72, test/Plugin/Debug/Spec.hs:47:17-55:72, test/Plugin/Debug/Spec.hs:50:25-55:72 }
                            dead-517
                            ({ test/Plugin/Debug/Spec.hs:46:15-55:72, test/Plugin/Debug/Spec.hs:47:17-55:72, test/Plugin/Debug/Spec.hs:50:25-55:72 }
                            type)
                            (con
                              { test/Plugin/Debug/Spec.hs:46:15-55:72, test/Plugin/Debug/Spec.hs:47:17-55:72, test/Plugin/Debug/Spec.hs:50:25-55:72 }
                              integer
                            )
                          )
                        }
                        (abs
                          { test/Plugin/Debug/Spec.hs:46:15-55:72, test/Plugin/Debug/Spec.hs:47:17-55:72, test/Plugin/Debug/Spec.hs:50:25-55:72 }
                          dead-518
                          ({ test/Plugin/Debug/Spec.hs:46:15-55:72, test/Plugin/Debug/Spec.hs:47:17-55:72, test/Plugin/Debug/Spec.hs:50:25-55:72 }
                          type)
                          (con
                            { test/Plugin/Debug/Spec.hs:46:15-55:72, test/Plugin/Debug/Spec.hs:47:17-55:72, test/Plugin/Debug/Spec.hs:50:25-55:72, test/Plugin/Debug/Spec.hs:51:34-51:34 }
                            integer
                            1
                          )
                        )
                      ]
                      (abs
                        { test/Plugin/Debug/Spec.hs:46:15-55:72, test/Plugin/Debug/Spec.hs:47:17-55:72, test/Plugin/Debug/Spec.hs:50:25-55:72 }
                        dead-519
                        ({ test/Plugin/Debug/Spec.hs:46:15-55:72, test/Plugin/Debug/Spec.hs:47:17-55:72, test/Plugin/Debug/Spec.hs:50:25-55:72 }
                        type)
                        [
                          { test/Plugin/Debug/Spec.hs:46:15-55:72, test/Plugin/Debug/Spec.hs:47:17-55:72, test/Plugin/Debug/Spec.hs:50:25-55:72, test/Plugin/Debug/Spec.hs:53:33-55:72 }
                          [
                            { test/Plugin/Debug/Spec.hs:46:15-55:72, test/Plugin/Debug/Spec.hs:47:17-55:72, test/Plugin/Debug/Spec.hs:50:25-55:72, test/Plugin/Debug/Spec.hs:53:33-55:72 }
                            { test/Plugin/Debug/Spec.hs:46:15-55:72, test/Plugin/Debug/Spec.hs:47:17-55:72, test/Plugin/Debug/Spec.hs:50:25-55:72, test/Plugin/Debug/Spec.hs:53:33-55:72 }
                            addInteger-510
                            [
                              { test/Plugin/Debug/Spec.hs:46:15-55:72, test/Plugin/Debug/Spec.hs:47:17-55:72, test/Plugin/Debug/Spec.hs:50:25-55:72, test/Plugin/Debug/Spec.hs:53:33-55:72, test/Plugin/Debug/Spec.hs:54:37-54:72 }
                              { test/Plugin/Debug/Spec.hs:46:15-55:72, test/Plugin/Debug/Spec.hs:47:17-55:72, test/Plugin/Debug/Spec.hs:50:25-55:72, test/Plugin/Debug/Spec.hs:53:33-55:72, test/Plugin/Debug/Spec.hs:54:37-54:72 }
                              fib-511
                              [
                                { test/Plugin/Debug/Spec.hs:46:15-55:72, test/Plugin/Debug/Spec.hs:47:17-55:72, test/Plugin/Debug/Spec.hs:50:25-55:72, test/Plugin/Debug/Spec.hs:53:33-55:72, test/Plugin/Debug/Spec.hs:54:37-54:72, test/Plugin/Debug/Spec.hs:54:42-54:71 }
                                [
                                  { test/Plugin/Debug/Spec.hs:46:15-55:72, test/Plugin/Debug/Spec.hs:47:17-55:72, test/Plugin/Debug/Spec.hs:50:25-55:72, test/Plugin/Debug/Spec.hs:53:33-55:72, test/Plugin/Debug/Spec.hs:54:37-54:72, test/Plugin/Debug/Spec.hs:54:42-54:71 }
                                  { test/Plugin/Debug/Spec.hs:46:15-55:72, test/Plugin/Debug/Spec.hs:47:17-55:72, test/Plugin/Debug/Spec.hs:50:25-55:72, test/Plugin/Debug/Spec.hs:53:33-55:72, test/Plugin/Debug/Spec.hs:54:37-54:72, test/Plugin/Debug/Spec.hs:54:42-54:71 }
                                  subtractInteger-491
                                  { test/Plugin/Debug/Spec.hs:46:15-55:72, test/Plugin/Debug/Spec.hs:47:17-55:72, test/Plugin/Debug/Spec.hs:50:25-55:72, test/Plugin/Debug/Spec.hs:53:33-55:72, test/Plugin/Debug/Spec.hs:54:37-54:72, test/Plugin/Debug/Spec.hs:54:42-54:71, test/Plugin/Debug/Spec.hs:54:68-54:68 }
                                  n-513
                                ]
                                (con
                                  { test/Plugin/Debug/Spec.hs:46:15-55:72, test/Plugin/Debug/Spec.hs:47:17-55:72, test/Plugin/Debug/Spec.hs:50:25-55:72, test/Plugin/Debug/Spec.hs:53:33-55:72, test/Plugin/Debug/Spec.hs:54:37-54:72, test/Plugin/Debug/Spec.hs:54:42-54:71, test/Plugin/Debug/Spec.hs:54:70-54:70 }
                                  integer
                                  1
                                )
                              ]
                            ]
                          ]
                          [
                            { test/Plugin/Debug/Spec.hs:46:15-55:72, test/Plugin/Debug/Spec.hs:47:17-55:72, test/Plugin/Debug/Spec.hs:50:25-55:72, test/Plugin/Debug/Spec.hs:53:33-55:72, test/Plugin/Debug/Spec.hs:55:37-55:72 }
                            { test/Plugin/Debug/Spec.hs:46:15-55:72, test/Plugin/Debug/Spec.hs:47:17-55:72, test/Plugin/Debug/Spec.hs:50:25-55:72, test/Plugin/Debug/Spec.hs:53:33-55:72, test/Plugin/Debug/Spec.hs:55:37-55:72 }
                            fib-511
                            [
                              { test/Plugin/Debug/Spec.hs:46:15-55:72, test/Plugin/Debug/Spec.hs:47:17-55:72, test/Plugin/Debug/Spec.hs:50:25-55:72, test/Plugin/Debug/Spec.hs:53:33-55:72, test/Plugin/Debug/Spec.hs:55:37-55:72, test/Plugin/Debug/Spec.hs:55:42-55:71 }
                              [
                                { test/Plugin/Debug/Spec.hs:46:15-55:72, test/Plugin/Debug/Spec.hs:47:17-55:72, test/Plugin/Debug/Spec.hs:50:25-55:72, test/Plugin/Debug/Spec.hs:53:33-55:72, test/Plugin/Debug/Spec.hs:55:37-55:72, test/Plugin/Debug/Spec.hs:55:42-55:71 }
                                { test/Plugin/Debug/Spec.hs:46:15-55:72, test/Plugin/Debug/Spec.hs:47:17-55:72, test/Plugin/Debug/Spec.hs:50:25-55:72, test/Plugin/Debug/Spec.hs:53:33-55:72, test/Plugin/Debug/Spec.hs:55:37-55:72, test/Plugin/Debug/Spec.hs:55:42-55:71 }
                                subtractInteger-491
                                { test/Plugin/Debug/Spec.hs:46:15-55:72, test/Plugin/Debug/Spec.hs:47:17-55:72, test/Plugin/Debug/Spec.hs:50:25-55:72, test/Plugin/Debug/Spec.hs:53:33-55:72, test/Plugin/Debug/Spec.hs:55:37-55:72, test/Plugin/Debug/Spec.hs:55:42-55:71, test/Plugin/Debug/Spec.hs:55:68-55:68 }
                                n-513
                              ]
                              (con
                                { test/Plugin/Debug/Spec.hs:46:15-55:72, test/Plugin/Debug/Spec.hs:47:17-55:72, test/Plugin/Debug/Spec.hs:50:25-55:72, test/Plugin/Debug/Spec.hs:53:33-55:72, test/Plugin/Debug/Spec.hs:55:37-55:72, test/Plugin/Debug/Spec.hs:55:42-55:71, test/Plugin/Debug/Spec.hs:55:70-55:70 }
                                integer
                                2
                              )
                            ]
                          ]
                        ]
                      )
                    ]
                    (all
                      { test/Plugin/Debug/Spec.hs:46:15-55:72, test/Plugin/Debug/Spec.hs:47:17-55:72, test/Plugin/Debug/Spec.hs:50:25-55:72 }
                      dead-520
                      ({ test/Plugin/Debug/Spec.hs:46:15-55:72, test/Plugin/Debug/Spec.hs:47:17-55:72, test/Plugin/Debug/Spec.hs:50:25-55:72 }
                      type)
                      { test/Plugin/Debug/Spec.hs:46:15-55:72, test/Plugin/Debug/Spec.hs:47:17-55:72, test/Plugin/Debug/Spec.hs:50:25-55:72 }
                      dead-520
                    )
                  }
                )
              ]
              (all
                { test/Plugin/Debug/Spec.hs:46:15-55:72, test/Plugin/Debug/Spec.hs:47:17-55:72 }
                dead-521
                ({ test/Plugin/Debug/Spec.hs:46:15-55:72, test/Plugin/Debug/Spec.hs:47:17-55:72 }
                type)
                { test/Plugin/Debug/Spec.hs:46:15-55:72, test/Plugin/Debug/Spec.hs:47:17-55:72 }
                dead-521
              )
            }
          )
        )
      )
      { test/Plugin/Debug/Spec.hs:45:9-57:9 } fib-511
    )
  )
)