(program
  { no-src-span }
  1.1.0
  (let
    { no-src-span }
    (nonrec)
    (datatypebind
      { no-src-span }
      (datatype
        { no-src-span }
        (tyvardecl { no-src-span } Bool-412 ({ no-src-span } type))

        Bool_match-415
        (vardecl { no-src-span } True-413 { no-src-span } Bool-412)
        (vardecl { no-src-span } False-414 { no-src-span } Bool-412)
      )
    )
    (termbind
      { no-src-span }
      (strict)
      (vardecl
        { no-src-span }
        equalsInteger-411
        (fun
          { no-src-span }
          (con { no-src-span } integer)
          (fun
            { no-src-span }
            (con { no-src-span } integer)
            (con { no-src-span } bool)
          )
        )
      )
      (builtin { no-src-span } equalsInteger)
    )
    (termbind
      { no-src-span }
      (strict)
      (vardecl
        { no-src-span }
        ifThenElse-409
        (all
          { no-src-span }
          a-410
          ({ no-src-span } type)
          (fun
            { no-src-span }
            (con { no-src-span } bool)
            (fun
              { no-src-span }
              { no-src-span } a-410
              (fun { no-src-span } { no-src-span } a-410 { no-src-span } a-410)
            )
          )
        )
      )
      (builtin { no-src-span } ifThenElse)
    )
    (termbind
      { no-src-span }
      (nonstrict)
      (vardecl
        { no-src-span }
        equalsInteger-421
        (fun
          { no-src-span }
          (con { no-src-span } integer)
          (fun
            { no-src-span }
            (con { no-src-span } integer)
            { no-src-span } Bool-412
          )
        )
      )
      (lam
        { no-src-span }
        x-416
        (con { no-src-span } integer)
        (let
          { no-src-span }
          (nonrec)
          (termbind
            { no-src-span }
            (strict)
            (vardecl { no-src-span } x-418 (con { no-src-span } integer))
            { no-src-span } x-416
          )
          (lam
            { no-src-span }
            y-417
            (con { no-src-span } integer)
            (let
              { no-src-span }
              (nonrec)
              (termbind
                { no-src-span }
                (strict)
                (vardecl { no-src-span } y-419 (con { no-src-span } integer))
                { no-src-span } y-417
              )
              (termbind
                { no-src-span }
                (strict)
                (vardecl { no-src-span } b-420 (con { no-src-span } bool))
                [
                  { no-src-span }
                  [
                    { no-src-span }
                    { no-src-span } equalsInteger-411
                    { no-src-span } x-418
                  ]
                  { no-src-span } y-419
                ]
              )
              [
                { no-src-span }
                [
                  { no-src-span }
                  [
                    { no-src-span }
                    {
                      { no-src-span }
                      { no-src-span } ifThenElse-409
                      { no-src-span } Bool-412
                    }
                    { no-src-span } b-420
                  ]
                  { no-src-span } True-413
                ]
                { no-src-span } False-414
              ]
            )
          )
        )
      )
    )
    (lam
      { no-src-span }
      ds-422
      (con { no-src-span } integer)
      (let
        { test/Plugin/Debug/Spec.hs:38:9-38:87 }
        (nonrec)
        (termbind
          { test/Plugin/Debug/Spec.hs:38:9-38:87 }
          (strict)
          (vardecl
            { test/Plugin/Debug/Spec.hs:38:9-38:87 }
            ds-424
            (con { test/Plugin/Debug/Spec.hs:38:9-38:87 } integer)
          )
          { test/Plugin/Debug/Spec.hs:38:9-38:87 } ds-422
        )
        (lam
          { no-src-span }
          ds-423
          (con { no-src-span } integer)
          (let
            { test/Plugin/Debug/Spec.hs:38:9-38:87 }
            (nonrec)
            (termbind
              { test/Plugin/Debug/Spec.hs:38:9-38:87 }
              (strict)
              (vardecl
                { test/Plugin/Debug/Spec.hs:38:9-38:87 }
                ds-425
                (con { test/Plugin/Debug/Spec.hs:38:9-38:87 } integer)
              )
              { test/Plugin/Debug/Spec.hs:38:9-38:87 } ds-423
            )
            [
              { test/Plugin/Debug/Spec.hs:38:9-38:87, test/Plugin/Debug/Spec.hs:38:44-38:86, test/Plugin/Debug/Spec.hs:38:54-38:79 }
              [
                { test/Plugin/Debug/Spec.hs:38:9-38:87, test/Plugin/Debug/Spec.hs:38:44-38:86, test/Plugin/Debug/Spec.hs:38:54-38:79 }
                { test/Plugin/Debug/Spec.hs:38:9-38:87, test/Plugin/Debug/Spec.hs:38:44-38:86, test/Plugin/Debug/Spec.hs:38:54-38:79 }
                equalsInteger-421
                { test/Plugin/Debug/Spec.hs:38:9-38:87, test/Plugin/Debug/Spec.hs:38:44-38:86, test/Plugin/Debug/Spec.hs:38:54-38:79, test/Plugin/Debug/Spec.hs:38:77-38:77 }
                ds-424
              ]
              { test/Plugin/Debug/Spec.hs:38:9-38:87, test/Plugin/Debug/Spec.hs:38:44-38:86, test/Plugin/Debug/Spec.hs:38:54-38:79, test/Plugin/Debug/Spec.hs:38:79-38:79 }
              ds-425
            ]
          )
        )
      )
    )
  )
)